string:      Hello, World
length:      12
byte_length: 12
is_empty:    true false
accented:    héllo
  chars:     5
  bytes:     6
  as chars:  ['h', 'é', 'l', 'l', 'o']
  roundtrip: héllo
find:        7
find missing:-1
contains:    true
starts/ends: true true
slice:       World
slice clamps:World
concat:      ab
repeat:      ababab
split:       ["Hello", "World"]
split words: ["the", "quick", "brown", "fox"]
join_str:    a-b-c
round trip:  Hello, World
upper/lower: HELLO, WORLD / hello, world
reverse:     dlroW ,olleH
filter:      Heo, Word
map:         SHOUT
ASCII only:  HéLLO
trim:        [padded]
trim_start:  [padded  ]
trim_end:    [  padded]
count 'l':   3
any/all:     true true
min/max:     a c
describe:    string of 12
title case:  The Quick Brown Fox
