()
:dir
ba7816bf8f01cfea414140de5dae2223b00361a396177a9cb410ff61f20015ad
e3b0c44298fc1c149afbf4c8996fb92427ae41e4649b934ca495991b7852b855
[true, true]
[:file, 1800, true]
:linked
true
:already_there
true
0
493
[416, ()]
[true, false]
top.txt
[:file, 7, :link]
true
[(), :link, ()]
[true, true]
:wrong_kind
:already_exists
["a/b/long.txt", "a/top-copy.txt", "a/top-link.txt", "top-sym", "top.txt"]
10
0
