[[:exact, 0], [:exact, 12], [:chunked, 0], :bad_message, :bad_message, :bad_message, :bad_message, :bad_message, :bad_message, :bad_message, :bad_message, :bad_message, :bad_message, :bad_message, :bad_message]
[:ok, :bad_message, :bad_message, :bad_message, :too_large, :bad_message]
[:ok, :bad_message, :bad_message, :bad_message, :bad_message, :too_large, :ok]
