tensor[[1, 0, 3], [4, 5, 0]]
tensor[[0, -2, 0], [0, 0, -6]]
tensor[[1, 4, 9], [16, 25, 36]]
tensor[[1, 0, 1], [1, 1, 0]]
tensor[[1, 1, 1], [0, 0, 1]]
tensor[[0, 0, 0], [1, 1, 1]]
tensor[[1, 1, 1], [1, 0, 1]]
tensor[[1, -1, 1], [1, 1, -1]]
tensor[[0, -1, 1], [2, 2, -3]]
tensor[[1, -1, 2], [2, 3, -3]]
tensor[[1, -1, 2], [2, 3, -3]]
tensor[0, 0.8427007929497149]
tensor[[7, 7, 7], [7, 7, 7]]
tensor[3, 5]
tensor[1, -2, -6]
tensor[2, 1]
tensor[0, 0, 1]
1
9
tensor[[6, 9], [24, 27]]
tensor[[2, 2], [2, 2]]
tensor[[1, 1, 1], [2, 2, 2]]
tensor[[-2, -5, 0], [-1, 0, -11]]
tensor[[4, 5, -6]]
tensor[[4, 5, -6], [1, -2, 3], [4, 5, -6]]
tensor[[4, 5, -6], [4, 5, -6]]
tensor[[1, -2, 3], [4, 5, -6], [1, -2, 3]]
tensor[[1, 0, 0, 0], [0, 0, 0, 1], [0, 1, 0, 0]]
true
tensor[[0, 1, 3, 4], [1, 2, 4, 5], [3, 4, 6, 7], [4, 5, 7, 8]]
[9, 9]
tensor[[0, 0, 0, 0], [0, 0, 1, 2], [0, 3, 0, 6], [4, 5, 7, 8]]
tensor[[[[0], [2], [2]], [[6], [16], [1e+01]], [[6], [14], [8]]]]
tensor[[[[4], [6], [4]], [[6], [9], [6]], [[4], [6], [4]]]]
[18, 27]
tensor[[[1e+01, 13], [28, 4e+01]], [[172, 193], [244, 274]]]
tensor[[[2, 3], [8, 9]], [[14, 15], [2e+01, 21]]]
tensor[[1, 4], [2, 5], [3, 6]]
tensor[[[0, 3], [1, 4], [2, 5]], [[6, 9], [7, 1e+01], [8, 11]]]
[4, 2, 5, 3]
true
true
[3, 5]
true
true
0
3e+02
true
true
:out_of_bounds
:out_of_bounds
:shape_error
:shape_error
:shape_error
:shape_error
:shape_error
:shape_error
:shape_error
