integer   -> :integer
float     -> :float
char      -> :char
bool      -> :bool
unit      -> :unit
string    -> :string
atom      -> :atom
list      -> :list
array     -> :array
map       -> :map
error     -> :error
process   -> :process
pure_fn   -> :pure_fn
impure_fn -> :impure_fn
module    -> :module
